--
-- INT4 + INT2
--
--Testcase 001:
CREATE EXTENSION sqlite_fdw;
--Testcase 002:
CREATE SERVER sqlite_svr FOREIGN DATA WRAPPER sqlite_fdw
OPTIONS (database '/tmp/sqlitefdw_test_core.db');
--Testcase 01:
CREATE FOREIGN TABLE INT4_TBL(f1 int4 OPTIONS (key 'true')) SERVER sqlite_svr;
--Testcase 02:
CREATE FOREIGN TABLE INT4_TMP(f1 int4, f2 int4, id int OPTIONS (key 'true')) SERVER sqlite_svr; 
--Testcase 03:
DELETE FROM INT4_TMP;
--Testcase 04:
ALTER FOREIGN TABLE INT4_TMP ALTER COLUMN f1 TYPE int8;
--Testcase 05:
INSERT INTO INT4_TMP VALUES (x'7FFFFFFF'::int8 + 1, 0);
--Testcase 06:
ALTER FOREIGN TABLE INT4_TMP ALTER COLUMN f1 TYPE int4;
--Testcase 07:
SELECT * FROM INT4_TMP; -- overflow
ERROR:  integer out of range
CONTEXT:  foreign table "int4_tmp"
foreign column "f1" have data type "integer"
usual affinity "integer"
SQLite affinity "integer"
SQLite value '2147483648'
In query there is whole-row reference to foreign table
--Testcase 08:
SELECT f1 FROM INT4_TMP; -- overflow
ERROR:  integer out of range
CONTEXT:  foreign table "int4_tmp"
foreign column "f1" have data type "integer"
usual affinity "integer"
SQLite affinity "integer"
SQLite value '2147483648'
In query there is whole-row reference to foreign table
--Testcase 09:
DELETE FROM INT4_TMP;
--Testcase 10:
ALTER FOREIGN TABLE INT4_TMP ALTER COLUMN f1 TYPE int8;
--Testcase 11:
INSERT INTO INT4_TMP VALUES (-(x'7FFFFFFF'::int8) - 2, 0);
--Testcase 12:
ALTER FOREIGN TABLE INT4_TMP ALTER COLUMN f1 TYPE int4;
--Testcase 13:
SELECT * FROM INT4_TMP; -- overflow
ERROR:  integer out of range
CONTEXT:  foreign table "int4_tmp"
foreign column "f1" have data type "integer"
usual affinity "integer"
SQLite affinity "integer"
SQLite value '-2147483649'
In query there is whole-row reference to foreign table
--Testcase 14:
SELECT f1 FROM INT4_TMP; -- overflow
ERROR:  integer out of range
CONTEXT:  foreign table "int4_tmp"
foreign column "f1" have data type "integer"
usual affinity "integer"
SQLite affinity "integer"
SQLite value '-2147483649'
In query there is whole-row reference to foreign table
--Testcase 15:
CREATE FOREIGN TABLE INT2_TBL(f1 int2 OPTIONS (key 'true')) SERVER sqlite_svr;
--Testcase 16:
CREATE FOREIGN TABLE INT2_TMP(f1 int2, f2 int2, id int OPTIONS (key 'true')) SERVER sqlite_svr; 
--Testcase 17:
DELETE FROM INT2_TMP;
--Testcase 18:
ALTER FOREIGN TABLE INT2_TMP ALTER COLUMN f1 TYPE int4;
--Testcase 19:
INSERT INTO INT2_TMP VALUES (x'7FFF'::int8 + 1, 0);
--Testcase 20:
ALTER FOREIGN TABLE INT2_TMP ALTER COLUMN f1 TYPE int2;
--Testcase 21:
SELECT * FROM INT2_TMP; -- overflow
ERROR:  smallint out of range
CONTEXT:  foreign table "int2_tmp"
foreign column "f1" have data type "smallint"
usual affinity "integer"
SQLite affinity "integer"
SQLite value '32768'
In query there is whole-row reference to foreign table
--Testcase 22:
SELECT f1 FROM INT2_TMP; -- overflow
ERROR:  smallint out of range
CONTEXT:  foreign table "int2_tmp"
foreign column "f1" have data type "smallint"
usual affinity "integer"
SQLite affinity "integer"
SQLite value '32768'
In query there is whole-row reference to foreign table
--Testcase 23:
DELETE FROM INT2_TMP;
--Testcase 24:
ALTER FOREIGN TABLE INT2_TMP ALTER COLUMN f1 TYPE int4;
--Testcase 25:
INSERT INTO INT2_TMP VALUES (-(x'7FFF'::int8) - 2, 0);
--Testcase 26:
ALTER FOREIGN TABLE INT2_TMP ALTER COLUMN f1 TYPE int2;
--Testcase 27:
SELECT * FROM INT2_TMP; -- overflow
ERROR:  smallint out of range
CONTEXT:  foreign table "int2_tmp"
foreign column "f1" have data type "smallint"
usual affinity "integer"
SQLite affinity "integer"
SQLite value '-32769'
In query there is whole-row reference to foreign table
--Testcase 28:
SELECT f1 FROM INT2_TMP; -- overflow
ERROR:  smallint out of range
CONTEXT:  foreign table "int2_tmp"
foreign column "f1" have data type "smallint"
usual affinity "integer"
SQLite affinity "integer"
SQLite value '-32769'
In query there is whole-row reference to foreign table
--Testcase 003:
DROP SERVER sqlite_svr CASCADE;
NOTICE:  drop cascades to 4 other objects
DETAIL:  drop cascades to foreign table int4_tbl
drop cascades to foreign table int4_tmp
drop cascades to foreign table int2_tbl
drop cascades to foreign table int2_tmp
--Testcase 004:
DROP EXTENSION sqlite_fdw CASCADE;
